12:48:37 **** Incremental Build of configuration Debug for project adaptive_filter_f446 ****
make -j16 all 
arm-none-eabi-gcc -o "adaptive_filter_f446.elf" @"objects.list"   -mcpu=cortex-m4 -T"C:\Users\Sammy\GitHubProjects\Adaptive-Filter\adaptive_filter_f446\STM32F446RETX_FLASH.ld" --specs=nosys.specs -Wl,-Map="adaptive_filter_f446.map" -Wl,--gc-sections -static --specs=nano.specs -mfpu=fpv4-sp-d16 -mfloat-abi=hard -mthumb -Wl,--start-group -lc -lm -Wl,--end-group
Finished building target: adaptive_filter_f446.elf
 
arm-none-eabi-size  adaptive_filter_f446.elf 
arm-none-eabi-objdump -h -S adaptive_filter_f446.elf  > "adaptive_filter_f446.list"
   text	   data	    bss	    dec	    hex	filename
  13188	    104	   1976	  15268	   3ba4	adaptive_filter_f446.elf
Finished building: default.size.stdout
 
Finished building: adaptive_filter_f446.list
 

12:48:38 Build Finished. 0 errors, 0 warnings. (took 514ms)

